[INFO] Scanning for projects...
[INFO] 
[INFO] -----------------------< dad2425:dadkvs-client >------------------------
[INFO] Building dadkvs-client skeleton
[INFO]   from pom.xml
[INFO] --------------------------------[ jar ]---------------------------------
[INFO] 
[INFO] --- exec:3.0.0:java (default-cli) @ dadkvs-client ---
Starting...
DadkvsClient
Received 7 arguments
arg[0] = 1
arg[1] = --host localhost
arg[2] = --port 8080
arg[3] = --range 10
arg[4] = --sleep 5
arg[5] = --lenght 30
arg[6] = -i
Client id = 1 serverhost = localhost port = 8080
Client key_range = 10 sleep_range = 5 loop_size = 30
Interactive mode = true
targets[0] = localhost:8080
targets[1] = localhost:8081
targets[2] = localhost:8082
targets[3] = localhost:8083
targets[4] = localhost:8084
Client Start. For the full command list, write "help"
client> [WARNING] 
java.util.NoSuchElementException: No line found
    at java.util.Scanner.nextLine (Scanner.java:1677)
    at dadkvs.client.DadkvsClient.goInteractive (DadkvsClient.java:282)
    at dadkvs.client.DadkvsClient.main_loop (DadkvsClient.java:427)
    at dadkvs.client.DadkvsClient.main (DadkvsClient.java:440)
    at org.codehaus.mojo.exec.ExecJavaMojo$1.run (ExecJavaMojo.java:254)
    at java.lang.Thread.run (Thread.java:1570)
[INFO] ------------------------------------------------------------------------
[INFO] BUILD FAILURE
[INFO] ------------------------------------------------------------------------
[INFO] Total time:  1.778 s
[INFO] Finished at: 2024-09-30T18:38:29+01:00
[INFO] ------------------------------------------------------------------------
[ERROR] Failed to execute goal org.codehaus.mojo:exec-maven-plugin:3.0.0:java (default-cli) on project dadkvs-client: An exception occured while executing the Java class. No line found -> [Help 1]
[ERROR] 
[ERROR] To see the full stack trace of the errors, re-run Maven with the -e switch.
[ERROR] Re-run Maven using the -X switch to enable full debug logging.
[ERROR] 
[ERROR] For more information about the errors and possible solutions, please read the following articles:
[ERROR] [Help 1] http://cwiki.apache.org/confluence/display/MAVEN/MojoExecutionException
